// Jest Snapshot v1, https://goo.gl/fbAQLP

exports[`<DropdownFontIcon /> It should render the proper markup 1`] = `
<div
  className="DropdownMenu__font-icon icon-move-left"
/>
`;
