exports[`<DropdownGroup /> It should render the proper markup 1`] = `
<div
  className="DropdownMenu__group" />
`;
